[0.006s] Invoking command in '/home/agush/everythingROS/firstProject_ws/build/mobile_robot': CMAKE_PREFIX_PATH=${CMAKE_PREFIX_PATH}:/opt/ros/jazzy DEBUGINFOD_URLS=https://debuginfod.ubuntu.com /usr/bin/cmake /home/agush/everythingROS/firstProject_ws/src/mobile_robot -DCMAKE_INSTALL_PREFIX=/home/agush/everythingROS/firstProject_ws/install/mobile_robot
[0.216s] -- The C compiler identification is GNU 13.3.0
[0.324s] -- The CXX compiler identification is GNU 13.3.0
[0.342s] -- Detecting C compiler ABI info
[0.430s] -- Detecting C compiler ABI info - done
[0.437s] -- Check for working C compiler: /usr/bin/cc - skipped
[0.437s] -- Detecting C compile features
[0.438s] -- Detecting C compile features - done
[0.447s] -- Detecting CXX compiler ABI info
[0.533s] -- Detecting CXX compiler ABI info - done
[0.542s] -- Check for working CXX compiler: /usr/bin/c++ - skipped
[0.542s] -- Detecting CXX compile features
[0.542s] -- Detecting CXX compile features - done
[0.548s] -- Found ament_cmake: 2.5.5 (/opt/ros/jazzy/share/ament_cmake/cmake)
[0.659s] -- Found Python3: /usr/bin/python3 (found version "3.12.3") found components: Interpreter 
[0.757s] -- Found ament_lint_auto: 0.17.4 (/opt/ros/jazzy/share/ament_lint_auto/cmake)
[0.837s] -- Added test 'lint_cmake' to check CMake code style
[0.838s] -- Added test 'xmllint' to check XML markup files
[0.840s] -- Configuring done (0.8s)
[0.842s] -- Generating done (0.0s)
[0.844s] -- Build files have been written to: /home/agush/everythingROS/firstProject_ws/build/mobile_robot
[0.848s] Invoked command in '/home/agush/everythingROS/firstProject_ws/build/mobile_robot' returned '0': CMAKE_PREFIX_PATH=${CMAKE_PREFIX_PATH}:/opt/ros/jazzy DEBUGINFOD_URLS=https://debuginfod.ubuntu.com /usr/bin/cmake /home/agush/everythingROS/firstProject_ws/src/mobile_robot -DCMAKE_INSTALL_PREFIX=/home/agush/everythingROS/firstProject_ws/install/mobile_robot
[0.849s] Invoking command in '/home/agush/everythingROS/firstProject_ws/build/mobile_robot': CMAKE_PREFIX_PATH=${CMAKE_PREFIX_PATH}:/opt/ros/jazzy DEBUGINFOD_URLS=https://debuginfod.ubuntu.com /usr/bin/cmake --build /home/agush/everythingROS/firstProject_ws/build/mobile_robot -- -j12 -l12
[0.880s] Invoked command in '/home/agush/everythingROS/firstProject_ws/build/mobile_robot' returned '0': CMAKE_PREFIX_PATH=${CMAKE_PREFIX_PATH}:/opt/ros/jazzy DEBUGINFOD_URLS=https://debuginfod.ubuntu.com /usr/bin/cmake --build /home/agush/everythingROS/firstProject_ws/build/mobile_robot -- -j12 -l12
[0.890s] Invoking command in '/home/agush/everythingROS/firstProject_ws/build/mobile_robot': CMAKE_PREFIX_PATH=${CMAKE_PREFIX_PATH}:/opt/ros/jazzy DEBUGINFOD_URLS=https://debuginfod.ubuntu.com /usr/bin/cmake --install /home/agush/everythingROS/firstProject_ws/build/mobile_robot
[0.896s] -- Install configuration: ""
[0.897s] -- Installing: /home/agush/everythingROS/firstProject_ws/install/mobile_robot/share/ament_index/resource_index/package_run_dependencies/mobile_robot
[0.897s] -- Installing: /home/agush/everythingROS/firstProject_ws/install/mobile_robot/share/ament_index/resource_index/parent_prefix_path/mobile_robot
[0.897s] -- Installing: /home/agush/everythingROS/firstProject_ws/install/mobile_robot/share/mobile_robot/environment/ament_prefix_path.sh
[0.897s] -- Installing: /home/agush/everythingROS/firstProject_ws/install/mobile_robot/share/mobile_robot/environment/ament_prefix_path.dsv
[0.897s] -- Installing: /home/agush/everythingROS/firstProject_ws/install/mobile_robot/share/mobile_robot/environment/path.sh
[0.897s] -- Installing: /home/agush/everythingROS/firstProject_ws/install/mobile_robot/share/mobile_robot/environment/path.dsv
[0.897s] -- Installing: /home/agush/everythingROS/firstProject_ws/install/mobile_robot/share/mobile_robot/local_setup.bash
[0.897s] -- Installing: /home/agush/everythingROS/firstProject_ws/install/mobile_robot/share/mobile_robot/local_setup.sh
[0.897s] -- Installing: /home/agush/everythingROS/firstProject_ws/install/mobile_robot/share/mobile_robot/local_setup.zsh
[0.897s] -- Installing: /home/agush/everythingROS/firstProject_ws/install/mobile_robot/share/mobile_robot/local_setup.dsv
[0.898s] -- Installing: /home/agush/everythingROS/firstProject_ws/install/mobile_robot/share/mobile_robot/package.dsv
[0.898s] -- Installing: /home/agush/everythingROS/firstProject_ws/install/mobile_robot/share/ament_index/resource_index/packages/mobile_robot
[0.898s] -- Installing: /home/agush/everythingROS/firstProject_ws/install/mobile_robot/share/mobile_robot/cmake/mobile_robotConfig.cmake
[0.898s] -- Installing: /home/agush/everythingROS/firstProject_ws/install/mobile_robot/share/mobile_robot/cmake/mobile_robotConfig-version.cmake
[0.898s] -- Installing: /home/agush/everythingROS/firstProject_ws/install/mobile_robot/share/mobile_robot/package.xml
[0.898s] Invoked command in '/home/agush/everythingROS/firstProject_ws/build/mobile_robot' returned '0': CMAKE_PREFIX_PATH=${CMAKE_PREFIX_PATH}:/opt/ros/jazzy DEBUGINFOD_URLS=https://debuginfod.ubuntu.com /usr/bin/cmake --install /home/agush/everythingROS/firstProject_ws/build/mobile_robot
